// Jest Snapshot v1, https://goo.gl/fbAQLP

exports[`FlowerItem renders correctly 1`] = `
<View
  style={
    Array [
      Object {
        "backgroundColor": "#fff",
        "flexDirection": "column",
        "height": 200,
        "marginTop": 6.67,
        "width": 356.25,
      },
      undefined,
    ]
  }
>
  <View
    style={
      Object {
        "flex": 1,
      }
    }
  >
    <TouchableWithoutFeedback
      onPress={[Function]}
    >
      <Image
        source={
          Object {
            "uri": "https://cdn.arstechnica.net/wp-content/uploads/2016/02/5718897981_10faa45ac3_b-640x624.jpg",
          }
        }
        style={
          Object {
            "flex": 1,
          }
        }
      />
    </TouchableWithoutFeedback>
  </View>
  <View
    style={
      Object {
        "alignItems": "center",
        "flexDirection": "row",
        "height": 45,
      }
    }
  >
    <View
      style={
        Object {
          "backgroundColor": "#4B586E",
          "flex": 0.55,
          "height": 45,
          "justifyContent": "center",
          "paddingLeft": 5,
        }
      }
    >
      <Text
        accessible={true}
        allowFontScaling={true}
        ellipsizeMode="tail"
        style={
          Object {
            "color": "#fff",
            "fontFamily": "montserratBold",
            "fontSize": 15,
          }
        }
      >
        foo flower
      </Text>
    </View>
    <View
      style={
        Array [
          Object {
            "alignItems": "center",
            "backgroundColor": "#574E6D",
            "flex": 0.25,
            "height": 45,
            "justifyContent": "center",
          },
          null,
        ]
      }
    >
      <Text
        accessible={true}
        allowFontScaling={true}
        ellipsizeMode="tail"
        style={
          Object {
            "color": "#fff",
            "fontFamily": "montserratMedium",
            "fontSize": 16,
          }
        }
      >
        $ 
        32
      </Text>
    </View>
    <View
      style={
        Array [
          Object {
            "alignItems": "center",
            "backgroundColor": "#43405D",
            "flex": 0.15,
            "height": 45,
            "justifyContent": "center",
          },
          null,
        ]
      }
    >
      <TouchableOpacity
        activeOpacity={0.2}
        focusedOpacity={0.7}
        onPress={[Function]}
      >
        <Icon
          allowFontScaling={false}
          color="#fff"
          name="add-shopping-cart"
          size={30}
        />
      </TouchableOpacity>
    </View>
  </View>
</View>
`;
