// Jest Snapshot v1, https://goo.gl/fbAQLP

exports[`FlowerItem renders correctly 1`] = `
<View
  style={
    Array [
      Object {
        "backgroundColor": "#574E6D",
        "flexDirection": "row",
        "height": 160,
        "marginTop": 13.34,
        "width": 712.5,
      },
      undefined,
    ]
  }
>
  <View
    style={
      Object {
        "flex": 0.7,
      }
    }
  >
    <Image
      source={
        Object {
          "uri": "https://cdn.arstechnica.net/wp-content/uploads/2016/02/5718897981_10faa45ac3_b-640x624.jpg",
        }
      }
      style={
        Object {
          "flex": 1,
        }
      }
    />
  </View>
  <View
    style={
      Object {
        "flex": 0.3,
        "flexDirection": "column",
      }
    }
  >
    <View
      style={
        Object {
          "backgroundColor": "#4B586E",
          "flex": 0.7,
          "paddingLeft": 5,
          "paddingTop": 5,
        }
      }
    >
      <Text
        accessible={true}
        allowFontScaling={true}
        ellipsizeMode="tail"
        style={
          Object {
            "color": "#fff",
            "fontFamily": "montserratBold",
            "fontSize": 15,
          }
        }
      >
        foo flower
      </Text>
      <Text
        accessible={true}
        allowFontScaling={true}
        ellipsizeMode="tail"
        style={
          Object {
            "color": "#fff",
            "fontFamily": "montserrat",
            "fontSize": 12,
          }
        }
      />
    </View>
    <View
      style={
        Array [
          Object {
            "alignItems": "center",
            "backgroundColor": "#574E6D",
            "flex": 0.3,
            "justifyContent": "center",
          },
          null,
        ]
      }
    >
      <TouchableOpacity
        activeOpacity={0.2}
        focusedOpacity={0.7}
        onPress={[Function]}
      >
        <Text
          accessible={true}
          allowFontScaling={true}
          ellipsizeMode="tail"
          style={
            Object {
              "color": "#fff",
              "fontFamily": "montserratMedium",
              "fontSize": 16,
            }
          }
        >
          S./ 
          32
        </Text>
      </TouchableOpacity>
    </View>
  </View>
</View>
`;
