// Jest Snapshot v1, https://goo.gl/fbAQLP

exports[`FlowerList renders correctly 1`] = `
<View
  style={
    Object {
      "flex": 1,
    }
  }
>
  <View>
    <ScrollViewMock
      vertical={true}
    >
      <View
        style={Object {}}
      >
        <FlowerItem
          flower={
            Object {
              "image": "https://cdn.arstechnica.net/wp-content/uploads/2016/02/5718897981_10faa45ac3_b-640x624.jpg",
              "price": 10.9,
              "title": "flower 1",
            }
          }
          selected={false}
        />
      </View>
      <View
        style={Object {}}
      >
        <FlowerItem
          flower={
            Object {
              "image": "https://cdn.arstechnica.net/wp-content/uploads/2016/02/5718897981_10faa45ac3_b-640x624.jpg",
              "price": 12.5,
              "title": "flower 2",
            }
          }
          selected={false}
        />
      </View>
      <View
        style={Object {}}
      >
        <FlowerItem
          flower={
            Object {
              "image": "https://cdn.arstechnica.net/wp-content/uploads/2016/02/5718897981_10faa45ac3_b-640x624.jpg",
              "price": 14.2,
              "title": "flower 3",
            }
          }
          selected={false}
        />
      </View>
    </ScrollViewMock>
  </View>
</View>
`;
