// Jest Snapshot v1, https://goo.gl/fbAQLP

exports[`Header renders correctly 1`] = `
Object {
  "headerLeft": <View
    style={
        Object {
            "flexDirection": "row",
          }
    }
>
    <TouchableOpacity
        activeOpacity={0.2}
        focusedOpacity={0.7}
        onPress={[Function]}
        style={
            Object {
                "marginLeft": 11.25,
                "marginRight": 3.75,
              }
        }
    >
        <Icon
            allowFontScaling={false}
            color="#fff"
            name="ios-arrow-back"
            size={30}
        />
    </TouchableOpacity>
    <TouchableOpacity
        activeOpacity={0.2}
        focusedOpacity={0.7}
        onPress={[Function]}
        style={
            Object {
                "marginLeft": 11.25,
              }
        }
    >
        <Icon
            allowFontScaling={false}
            color="#fff"
            name="menu"
            size={30}
        />
    </TouchableOpacity>
</View>,
  "headerStyle": Object {
    "backgroundColor": "#43405D",
  },
  "headerTitleStyle": Object {
    "color": "#fff",
    "fontFamily": "montserratBold",
    "fontSize": 20,
    "textAlign": "center",
  },
}
`;
